The quick brown fox jumps over the lazy dog
First line
Second line
Third line
The Bustle in a House
The Morning after Death
Is solemnest of industries
Enacted upon Earthâ€”

The Sweeping up the Heart
And putting Love away
We shall not want to use again
Until Eternity.
