     1	The quick brown fox jumps over the lazy dog
     2	First line
     3	Second line
     4	Third line
     5	The Bustle in a House
     6	The Morning after Death
     7	Is solemnest of industries
     8	Enacted upon Earthâ€”

     9	The Sweeping up the Heart
    10	And putting Love away
    11	We shall not want to use again
    12	Until Eternity.
